[2026-05-06 09:09:41,626] INFO: Southern Front Bridge Initializing...
[2026-05-06 09:09:41,627] INFO:  >> [RESTORE] Resumed Dragon Fleet from state file.
[2026-05-06 09:09:41,628] INFO: Southern Front Expansion: Online.
[2026-05-06 09:35:48,901] INFO: Southern Front Bridge Initializing...
[2026-05-06 09:35:48,901] INFO:  >> [RESTORE] Resumed Dragon Fleet from state file.
[2026-05-06 09:35:48,902] INFO: Southern Front Expansion: Online.
[2026-05-06 09:40:50,820] INFO: Southern Front Bridge Initializing...
[2026-05-06 09:40:50,821] INFO:  >> [RESTORE] Resumed Dragon Fleet from state file.
[2026-05-06 09:40:50,821] INFO: Southern Front Expansion: Online.
[2026-05-06 09:41:42,922] INFO: Southern Front Bridge Initializing...
[2026-05-06 09:41:42,923] INFO:  >> [RESTORE] Resumed Dragon Fleet from state file.
[2026-05-06 09:41:42,923] INFO: Southern Front Expansion: Online.
[2026-05-06 09:41:46,611] INFO:  [SOUTH_GAMMA] ENTRY SHORT @ 2043.1 | SL: 2045.3 TP: 2034.1
[2026-05-06 09:42:41,599] INFO: Southern Front Bridge Initializing...
[2026-05-06 09:42:41,599] INFO:  >> [RESTORE] Resumed Dragon Fleet from state file.
[2026-05-06 09:42:41,599] INFO: Southern Front Expansion: Online.
[2026-05-06 09:43:45,206] INFO:  [SQL_SYNC] SOUTH_OMEGA Strike recorded to iron_core.db
[2026-05-06 09:43:45,206] INFO:  [PAPER_STRIKE] SOUTH_OMEGA LONG PnL: -4.30 pts
[2026-05-06 09:54:49,604] INFO:  [SOUTH_OMEGA] ENTRY LONG @ 2043.5 | SL: 2041.6 TP: 2049.8
[2026-05-06 09:55:49,988] INFO:  [SOUTH_ALPHA] ENTRY LONG @ 2043.9 | SL: 2040.8 TP: 2056.1
[2026-05-06 09:56:50,366] INFO:  [SQL_SYNC] SOUTH_ALPHA Strike recorded to iron_core.db
[2026-05-06 09:56:50,366] INFO:  [PAPER_STRIKE] SOUTH_ALPHA LONG PnL: -0.90 pts
[2026-05-06 10:00:51,865] INFO:  [SOUTH_ALPHA] ENTRY SHORT @ 2042.3 | SL: 2045.3 TP: 2030.5
[2026-05-06 10:01:52,301] INFO:  [SQL_SYNC] SOUTH_OMEGA Strike recorded to iron_core.db
[2026-05-06 10:01:52,301] INFO:  [PAPER_STRIKE] SOUTH_OMEGA LONG PnL: -2.10 pts
[2026-05-06 10:22:00,716] INFO:  [SQL_SYNC] SOUTH_GAMMA Strike recorded to iron_core.db
[2026-05-06 10:22:00,716] INFO:  [PAPER_STRIKE] SOUTH_GAMMA SHORT PnL: 2.20 pts
[2026-05-06 10:24:01,466] INFO:  [SOUTH_GAMMA] ENTRY SHORT @ 2039.6 | SL: 2041.4 TP: 2032.4
[2026-05-06 11:22:13,651] INFO: Southern Front Bridge Initializing...
[2026-05-06 11:22:13,651] INFO: Southern Front Bridge Initializing...
[2026-05-06 11:22:13,652] INFO:  >> [RESTORE] Resumed Dragon Fleet from state file.
[2026-05-06 11:22:13,652] INFO: Southern Front Expansion: Online.
[2026-05-06 11:22:13,652] INFO:  >> [RESTORE] Resumed Dragon Fleet from state file.
[2026-05-06 11:22:13,652] INFO: Southern Front Expansion: Online.
[2026-05-06 11:22:22,904] ERROR: Bridge Cycle Error: cannot access local variable 'datetime' where it is not associated with a value
[2026-05-06 11:23:05,755] INFO: Southern Front Bridge Initializing...
[2026-05-06 11:23:05,756] INFO:  >> [RESTORE] Resumed Dragon Fleet from state file.
[2026-05-06 11:23:05,756] INFO: Southern Front Expansion: Online.
[2026-05-06 11:23:09,034] INFO:  [SQL_SYNC] SOUTH_ALPHA Strike recorded to iron_core.db
[2026-05-06 11:23:09,034] INFO:  [PAPER_STRIKE] SOUTH_ALPHA SHORT PnL: 2.40 pts
[2026-05-06 11:23:09,058] INFO:  [SOUTH_ALPHA] ENTRY LONG @ 2039.9 | SL: 2038.4 (1.5x) TP: 2042.9 (3.0x) | ER: 0.5
[2026-05-06 11:23:09,069] INFO:  [SOUTH_OMEGA] ENTRY LONG @ 2039.9 | SL: 2038.4 (1.5x) TP: 2042.9 (3.0x) | ER: 0.5
[2026-05-06 11:23:09,088] INFO:  [SQL_SYNC] SOUTH_GAMMA Strike recorded to iron_core.db
[2026-05-06 11:23:09,090] INFO:  [PAPER_STRIKE] SOUTH_GAMMA SHORT PnL: -0.30 pts
[2026-05-06 11:23:09,097] INFO:  [SOUTH_GAMMA] ENTRY LONG @ 2039.9 | SL: 2038.4 (1.5x) TP: 2042.9 (3.0x) | ER: 0.5
[2026-05-06 11:25:17,783] INFO: Southern Front Bridge Initializing...
[2026-05-06 11:25:17,792] INFO:  >> [WALLET] Resumed Southern Balance: 99,760,000 VND
[2026-05-06 11:25:17,801] INFO:  >> [RESTORE] Resumed Dragon Fleet from state file.
[2026-05-06 11:25:17,803] INFO: Southern Front Expansion: Online.
[2026-05-06 11:33:15,431] INFO: Southern Front Bridge Initializing...
[2026-05-06 11:33:15,446] INFO:  >> [WALLET] Resumed Southern Balance: 99,760,000 VND
[2026-05-06 11:33:15,446] INFO:  >> [RESTORE] Resumed Dragon Fleet from state file.
[2026-05-06 11:33:15,446] INFO: Southern Front Expansion: Online.
[2026-05-06 11:34:09,581] INFO: Southern Front Bridge Initializing...
[2026-05-06 11:34:09,621] INFO:  >> [WALLET] Resumed Southern Balance: 99,760,000 VND
[2026-05-06 11:34:09,623] INFO:  >> [RESTORE] Resumed Dragon Fleet from state file.
[2026-05-06 11:34:09,623] INFO: Southern Front Expansion: Online.
[2026-05-06 11:36:19,312] INFO: Southern Front Bridge Initializing...
[2026-05-06 11:36:19,319] INFO:  >> [WALLET] Resumed Southern Balance: 99,760,000 VND
[2026-05-06 11:36:19,320] INFO:  >> [RESTORE] Resumed Dragon Fleet from state file.
[2026-05-06 11:36:19,320] INFO: Southern Front Expansion: Online.
[2026-05-06 11:37:03,751] INFO: Southern Front Bridge Initializing...
[2026-05-06 11:37:03,758] INFO:  >> [WALLET] Resumed Southern Balance: 99,760,000 VND
[2026-05-06 11:37:03,758] INFO:  >> [RESTORE] Resumed Dragon Fleet from state file.
[2026-05-06 11:37:03,758] INFO: Southern Front Expansion: Online.
[2026-05-06 11:41:28,835] INFO: Southern Front Bridge Initializing...
[2026-05-06 11:41:28,840] INFO:  >> [WALLET] Resumed Southern Balance: 99,760,000 VND
[2026-05-06 11:41:28,840] INFO:  >> [RESTORE] Resumed Dragon Fleet from state file.
[2026-05-06 11:41:28,840] INFO: Southern Front Expansion: Online.
[2026-05-06 11:42:09,159] INFO: Southern Front Bridge Initializing...
[2026-05-06 11:42:09,240] INFO:  >> [WALLET] Resumed Southern Balance: 99,760,000 VND
[2026-05-06 11:42:09,240] INFO:  >> [RESTORE] Resumed Dragon Fleet from state file.
[2026-05-06 11:42:09,240] INFO: Southern Front Expansion: Online.
[2026-05-06 11:44:04,746] INFO: Southern Front Bridge Initializing...
[2026-05-06 11:44:04,748] INFO:  >> [WALLET] Resumed Southern Balance: 99,760,000 VND
[2026-05-06 11:44:04,750] INFO:  >> [RESTORE] Resumed Dragon Fleet from state file.
[2026-05-06 11:44:04,750] INFO: Southern Front Expansion: Online.
[2026-05-06 11:49:26,095] INFO: Southern Front Bridge Initializing...
[2026-05-06 11:49:26,096] INFO:  >> [WALLET] Resumed Southern Balance: 99,760,000 VND
[2026-05-06 11:49:26,096] INFO:  >> [RESTORE] Resumed Dragon Fleet from state file.
[2026-05-06 11:49:26,096] INFO: Southern Front Expansion: Online.
[2026-05-06 11:49:37,994] INFO: Southern Front Bridge Initializing...
[2026-05-06 11:49:37,995] INFO:  >> [WALLET] Resumed Southern Balance: 99,760,000 VND
[2026-05-06 11:49:37,995] INFO:  >> [RESTORE] Resumed Dragon Fleet from state file.
[2026-05-06 11:49:37,995] INFO: Southern Front Expansion: Online.
[2026-05-06 11:50:26,714] INFO: Southern Front Bridge Initializing...
[2026-05-06 11:50:26,716] INFO:  >> [WALLET] Resumed Southern Balance: 99,760,000 VND
[2026-05-06 11:50:26,716] INFO:  >> [RESTORE] Resumed Dragon Fleet from state file.
[2026-05-06 11:50:26,716] INFO: Southern Front Expansion: Online.
[2026-05-06 11:52:44,333] INFO: Southern Front Bridge Initializing...
[2026-05-06 11:52:44,335] INFO:  >> [WALLET] Resumed Southern Balance: 99,760,000 VND
[2026-05-06 11:52:44,336] INFO:  >> [RESTORE] Resumed Dragon Fleet from state file.
[2026-05-06 11:52:44,336] INFO: Southern Front Expansion: Online.
[2026-05-06 12:06:23,025] INFO: Southern Front Bridge Initializing...
[2026-05-06 12:06:23,037] INFO:  >> [WALLET] Resumed Southern Balance: 99,760,000 VND
[2026-05-06 12:06:23,037] INFO:  >> [RESTORE] Resumed Dragon Fleet from state file.
[2026-05-06 12:06:23,038] INFO: Southern Front Expansion: Online.
[2026-05-06 12:09:42,235] INFO: Southern Front Bridge Initializing...
[2026-05-06 12:09:42,245] INFO:  >> [WALLET] Resumed Southern Balance: 99,760,000 VND
[2026-05-06 12:09:42,247] INFO:  >> [RESTORE] Resumed Dragon Fleet from state file.
[2026-05-06 12:09:42,247] INFO: Southern Front Expansion: Online.
[2026-05-06 12:12:15,296] INFO: Southern Front Bridge Initializing...
[2026-05-06 12:12:15,297] INFO:  >> [WALLET] Resumed Southern Balance: 99,760,000 VND
[2026-05-06 12:12:15,297] INFO:  >> [RESTORE] Resumed Dragon Fleet from state file.
[2026-05-06 12:12:15,297] INFO: Southern Front Expansion: Online.
[2026-05-06 13:04:42,000] INFO:  [SQL_SYNC] SOUTH_GAMMA Strike recorded to iron_core.db
[2026-05-06 13:04:42,000] INFO:  [WALLET_UPDATE] New Balance: 99,680,000 VND
[2026-05-06 13:04:42,001] INFO:  [PAPER_STRIKE] SOUTH_GAMMA LONG PnL: -0.80 pts
[2026-05-06 13:05:42,467] INFO:  [SQL_SYNC] SOUTH_ALPHA Strike recorded to iron_core.db
[2026-05-06 13:05:42,467] INFO:  [WALLET_UPDATE] New Balance: 99,570,000 VND
[2026-05-06 13:05:42,467] INFO:  [PAPER_STRIKE] SOUTH_ALPHA LONG PnL: -1.10 pts
[2026-05-06 13:05:42,486] INFO:  [SQL_SYNC] SOUTH_OMEGA Strike recorded to iron_core.db
[2026-05-06 13:05:42,486] INFO:  [WALLET_UPDATE] New Balance: 99,460,000 VND
[2026-05-06 13:05:42,486] INFO:  [PAPER_STRIKE] SOUTH_OMEGA LONG PnL: -1.10 pts
[2026-05-06 13:06:43,036] INFO:  [SOUTH_OMEGA] ENTRY LONG @ 2039.2 | SL: 2037.6 (1.5x) TP: 2042.4 (3.0x) | ER: 0.5
[2026-05-06 13:07:43,496] INFO:  [SOUTH_ALPHA] ENTRY LONG @ 2040.1 | SL: 2038.4 (1.5x) TP: 2043.4 (3.0x) | ER: 0.5
[2026-05-06 13:07:43,503] INFO:  [SOUTH_GAMMA] ENTRY LONG @ 2040.1 | SL: 2038.4 (1.5x) TP: 2043.4 (3.0x) | ER: 0.5
[2026-05-06 13:09:44,448] INFO:  [SQL_SYNC] SOUTH_OMEGA Strike recorded to iron_core.db
[2026-05-06 13:09:44,449] INFO:  [WALLET_UPDATE] New Balance: 99,820,000 VND
[2026-05-06 13:09:44,449] INFO:  [PAPER_STRIKE] SOUTH_OMEGA LONG PnL: 3.60 pts
[2026-05-06 13:09:44,467] INFO:  [SOUTH_OMEGA] ENTRY LONG @ 2042.8 | SL: 2040.9 (1.5x) TP: 2046.6 (3.0x) | ER: 0.5
[2026-05-06 13:11:45,332] INFO:  [SQL_SYNC] SOUTH_ALPHA Strike recorded to iron_core.db
[2026-05-06 13:11:45,334] INFO:  [WALLET_UPDATE] New Balance: 100,200,000 VND
[2026-05-06 13:11:45,334] INFO:  [PAPER_STRIKE] SOUTH_ALPHA LONG PnL: 3.80 pts
[2026-05-06 13:11:45,340] INFO:  [SOUTH_ALPHA] ENTRY LONG @ 2043.9 | SL: 2041.9 (1.5x) TP: 2047.9 (3.0x) | ER: 0.5
[2026-05-06 13:11:45,353] INFO:  [SQL_SYNC] SOUTH_GAMMA Strike recorded to iron_core.db
[2026-05-06 13:11:45,354] INFO:  [WALLET_UPDATE] New Balance: 100,580,000 VND
[2026-05-06 13:11:45,354] INFO:  [PAPER_STRIKE] SOUTH_GAMMA LONG PnL: 3.80 pts
[2026-05-06 13:11:45,361] INFO:  [SOUTH_GAMMA] ENTRY LONG @ 2043.9 | SL: 2041.9 (1.5x) TP: 2047.9 (3.0x) | ER: 0.5
[2026-05-06 13:25:51,358] INFO:  [SQL_SYNC] SOUTH_OMEGA Strike recorded to iron_core.db
[2026-05-06 13:25:51,358] INFO:  [WALLET_UPDATE] New Balance: 101,080,000 VND
[2026-05-06 13:25:51,358] INFO:  [PAPER_STRIKE] SOUTH_OMEGA LONG PnL: 5.00 pts
[2026-05-06 13:25:51,366] INFO:  [SOUTH_OMEGA] ENTRY LONG @ 2047.8 | SL: 2045.5 (1.5x) TP: 2052.3 (3.0x) | ER: 0.5
[2026-05-06 13:30:53,885] INFO:  [SQL_SYNC] SOUTH_OMEGA Strike recorded to iron_core.db
[2026-05-06 13:30:53,885] INFO:  [WALLET_UPDATE] New Balance: 100,850,000 VND
[2026-05-06 13:30:53,885] INFO:  [PAPER_STRIKE] SOUTH_OMEGA LONG PnL: -2.30 pts
[2026-05-06 13:30:53,901] INFO:  [SOUTH_OMEGA] ENTRY LONG @ 2045.5 | SL: 2043.2 (1.5x) TP: 2050.1 (3.0x) | ER: 0.5
[2026-05-06 13:48:01,511] INFO:  [SQL_SYNC] SOUTH_ALPHA Strike recorded to iron_core.db
[2026-05-06 13:48:01,511] INFO:  [WALLET_UPDATE] New Balance: 101,360,000 VND
[2026-05-06 13:48:01,511] INFO:  [PAPER_STRIKE] SOUTH_ALPHA LONG PnL: 5.10 pts
[2026-05-06 13:48:01,519] INFO:  [SOUTH_ALPHA] ENTRY LONG @ 2049.0 | SL: 2046.6 (1.5x) TP: 2053.8 (3.0x) | ER: 0.5
[2026-05-06 13:48:01,532] INFO:  [SQL_SYNC] SOUTH_GAMMA Strike recorded to iron_core.db
[2026-05-06 13:48:01,532] INFO:  [WALLET_UPDATE] New Balance: 101,870,000 VND
[2026-05-06 13:48:01,532] INFO:  [PAPER_STRIKE] SOUTH_GAMMA LONG PnL: 5.10 pts
[2026-05-06 13:48:01,538] INFO:  [SOUTH_GAMMA] ENTRY LONG @ 2049.0 | SL: 2046.6 (1.5x) TP: 2053.8 (3.0x) | ER: 0.5
[2026-05-06 13:53:06,098] INFO:  [SQL_SYNC] SOUTH_OMEGA Strike recorded to iron_core.db
[2026-05-06 13:53:06,098] INFO:  [WALLET_UPDATE] New Balance: 102,380,000 VND
[2026-05-06 13:53:06,098] INFO:  [PAPER_STRIKE] SOUTH_OMEGA LONG PnL: 5.10 pts
[2026-05-06 13:53:06,106] INFO:  [SOUTH_OMEGA] ENTRY LONG @ 2050.6 | SL: 2048.3 (1.5x) TP: 2055.3 (3.0x) | ER: 0.5
[2026-05-06 13:58:08,569] INFO:  [SQL_SYNC] SOUTH_ALPHA Strike recorded to iron_core.db
[2026-05-06 13:58:08,569] INFO:  [WALLET_UPDATE] New Balance: 102,930,000 VND
[2026-05-06 13:58:08,570] INFO:  [PAPER_STRIKE] SOUTH_ALPHA LONG PnL: 5.50 pts
[2026-05-06 13:58:08,577] INFO:  [SOUTH_ALPHA] ENTRY LONG @ 2054.5 | SL: 2052.1 (1.5x) TP: 2059.4 (3.0x) | ER: 0.5
[2026-05-06 13:58:08,594] INFO:  [SQL_SYNC] SOUTH_GAMMA Strike recorded to iron_core.db
[2026-05-06 13:58:08,595] INFO:  [WALLET_UPDATE] New Balance: 103,480,000 VND
[2026-05-06 13:58:08,595] INFO:  [PAPER_STRIKE] SOUTH_GAMMA LONG PnL: 5.50 pts
[2026-05-06 13:58:08,603] INFO:  [SOUTH_GAMMA] ENTRY LONG @ 2054.5 | SL: 2052.1 (1.5x) TP: 2059.4 (3.0x) | ER: 0.5
[2026-05-06 14:00:09,563] INFO:  [SQL_SYNC] SOUTH_OMEGA Strike recorded to iron_core.db
[2026-05-06 14:00:09,563] INFO:  [WALLET_UPDATE] New Balance: 104,200,000 VND
[2026-05-06 14:00:09,564] INFO:  [PAPER_STRIKE] SOUTH_OMEGA LONG PnL: 7.20 pts
[2026-05-06 14:00:09,571] INFO:  [SOUTH_OMEGA] ENTRY LONG @ 2057.8 | SL: 2055.0 (1.5x) TP: 2063.4 (3.0x) | ER: 0.5
[2026-05-06 14:01:10,016] INFO:  [SQL_SYNC] SOUTH_ALPHA Strike recorded to iron_core.db
[2026-05-06 14:01:10,016] INFO:  [WALLET_UPDATE] New Balance: 104,710,000 VND
[2026-05-06 14:01:10,016] INFO:  [PAPER_STRIKE] SOUTH_ALPHA LONG PnL: 5.10 pts
[2026-05-06 14:01:10,025] INFO:  [SOUTH_ALPHA] ENTRY LONG @ 2059.6 | SL: 2056.7 (1.5x) TP: 2065.3 (3.0x) | ER: 0.5
[2026-05-06 14:01:10,041] INFO:  [SQL_SYNC] SOUTH_GAMMA Strike recorded to iron_core.db
[2026-05-06 14:01:10,041] INFO:  [WALLET_UPDATE] New Balance: 105,220,000 VND
[2026-05-06 14:01:10,041] INFO:  [PAPER_STRIKE] SOUTH_GAMMA LONG PnL: 5.10 pts
[2026-05-06 14:01:10,049] INFO:  [SOUTH_GAMMA] ENTRY LONG @ 2059.6 | SL: 2056.7 (1.5x) TP: 2065.3 (3.0x) | ER: 0.5
[2026-05-06 14:26:21,459] INFO:  [SQL_SYNC] SOUTH_OMEGA Strike recorded to iron_core.db
[2026-05-06 14:26:21,459] INFO:  [WALLET_UPDATE] New Balance: 105,850,000 VND
[2026-05-06 14:26:21,459] INFO:  [PAPER_STRIKE] SOUTH_OMEGA LONG PnL: 6.30 pts
[2026-05-06 14:26:21,473] INFO:  [SOUTH_OMEGA] ENTRY LONG @ 2064.1 | SL: 2060.8 (1.5x) TP: 2070.7 (3.0x) | ER: 0.5
[2026-05-06 14:28:39,400] INFO: Southern Front Bridge Initializing...
[2026-05-06 14:28:39,403] INFO:  >> [WALLET] Resumed Southern Balance: 106,750,000 VND
[2026-05-06 14:28:39,410] INFO:  >> [RESTORE] Resumed Dragon Fleet from state file.
[2026-05-06 14:28:39,410] INFO: Southern Front Expansion: Online.
