[2026-05-06 09:06:03,384] INFO: ==================================================
[2026-05-06 09:06:03,384] INFO: SOVEREIGN JANITOR - Daily Maintenance Cycle
[2026-05-06 09:06:03,384] INFO: ==================================================
[2026-05-06 09:06:03,384] INFO: --- CLEANUP: Log Files (older than 7 days) ---
[2026-05-06 09:06:03,385] INFO: --- CLEANUP: Temporary Files ---
[2026-05-06 09:06:03,424] INFO:   Deleted: c:\Users\ADMIN\Desktop\IRON_COMMANDER_ELITE\core_real\__pycache__\analytics.cpython-312.pyc
[2026-05-06 09:06:03,426] INFO:   Deleted: c:\Users\ADMIN\Desktop\IRON_COMMANDER_ELITE\core_real\__pycache__\bridges.cpython-312.pyc
[2026-05-06 09:06:03,427] INFO:   Deleted: c:\Users\ADMIN\Desktop\IRON_COMMANDER_ELITE\core_real\__pycache__\critic.cpython-312.pyc
[2026-05-06 09:06:03,429] INFO:   Deleted: c:\Users\ADMIN\Desktop\IRON_COMMANDER_ELITE\core_real\__pycache__\forensics.cpython-312.pyc
[2026-05-06 09:06:03,431] INFO:   Deleted: c:\Users\ADMIN\Desktop\IRON_COMMANDER_ELITE\core_real\__pycache__\ghost_comm.cpython-312.pyc
[2026-05-06 09:06:03,432] INFO:   Deleted: c:\Users\ADMIN\Desktop\IRON_COMMANDER_ELITE\core_real\__pycache__\master.cpython-312.pyc
[2026-05-06 09:06:03,432] INFO:   Deleted: c:\Users\ADMIN\Desktop\IRON_COMMANDER_ELITE\core_real\__pycache__\optimizer.cpython-312.pyc
[2026-05-06 09:06:03,434] INFO:   Deleted: c:\Users\ADMIN\Desktop\IRON_COMMANDER_ELITE\core_real\__pycache__\oracle.cpython-312.pyc
[2026-05-06 09:06:03,435] INFO:   Deleted: c:\Users\ADMIN\Desktop\IRON_COMMANDER_ELITE\core_real\__pycache__\paths.cpython-312.pyc
[2026-05-06 09:06:03,437] INFO:   Deleted: c:\Users\ADMIN\Desktop\IRON_COMMANDER_ELITE\core_real\__pycache__\safety.cpython-312.pyc
[2026-05-06 09:06:03,438] INFO:   Deleted: c:\Users\ADMIN\Desktop\IRON_COMMANDER_ELITE\core_real\__pycache__\sentinel.cpython-312.pyc
[2026-05-06 09:06:03,438] INFO:   Deleted: c:\Users\ADMIN\Desktop\IRON_COMMANDER_ELITE\core_real\__pycache__\system_integrity_check.cpython-312.pyc
[2026-05-06 09:06:03,440] INFO:   Deleted: c:\Users\ADMIN\Desktop\IRON_COMMANDER_ELITE\core_real\__pycache__\vault_v2.cpython-312.pyc
[2026-05-06 09:06:03,442] INFO:   Deleted: c:\Users\ADMIN\Desktop\IRON_COMMANDER_ELITE\core_real\__pycache__\__init__.cpython-312.pyc
[2026-05-06 09:06:03,443] INFO:   Deleted: c:\Users\ADMIN\Desktop\IRON_COMMANDER_ELITE\core_v3\__pycache__\analytics.cpython-312.pyc
[2026-05-06 09:06:03,445] INFO:   Deleted: c:\Users\ADMIN\Desktop\IRON_COMMANDER_ELITE\core_v3\__pycache__\bridges.cpython-312.pyc
[2026-05-06 09:06:03,452] INFO:   Deleted: c:\Users\ADMIN\Desktop\IRON_COMMANDER_ELITE\core_v3\__pycache__\critic.cpython-312.pyc
[2026-05-06 09:06:03,454] INFO:   Deleted: c:\Users\ADMIN\Desktop\IRON_COMMANDER_ELITE\core_v3\__pycache__\forensics.cpython-312.pyc
[2026-05-06 09:06:03,455] INFO:   Deleted: c:\Users\ADMIN\Desktop\IRON_COMMANDER_ELITE\core_v3\__pycache__\ghost_comm.cpython-312.pyc
[2026-05-06 09:06:03,455] INFO:   Deleted: c:\Users\ADMIN\Desktop\IRON_COMMANDER_ELITE\core_v3\__pycache__\master.cpython-312.pyc
[2026-05-06 09:06:03,457] INFO:   Deleted: c:\Users\ADMIN\Desktop\IRON_COMMANDER_ELITE\core_v3\__pycache__\optimizer.cpython-312.pyc
[2026-05-06 09:06:03,459] INFO:   Deleted: c:\Users\ADMIN\Desktop\IRON_COMMANDER_ELITE\core_v3\__pycache__\oracle.cpython-312.pyc
[2026-05-06 09:06:03,460] INFO:   Deleted: c:\Users\ADMIN\Desktop\IRON_COMMANDER_ELITE\core_v3\__pycache__\paths.cpython-312.pyc
[2026-05-06 09:06:03,461] INFO:   Deleted: c:\Users\ADMIN\Desktop\IRON_COMMANDER_ELITE\core_v3\__pycache__\safety.cpython-312.pyc
[2026-05-06 09:06:03,463] INFO:   Deleted: c:\Users\ADMIN\Desktop\IRON_COMMANDER_ELITE\core_v3\__pycache__\signal_commander.cpython-312.pyc
[2026-05-06 09:06:03,464] INFO:   Deleted: c:\Users\ADMIN\Desktop\IRON_COMMANDER_ELITE\core_v3\__pycache__\system_integrity_check.cpython-312.pyc
[2026-05-06 09:06:03,464] INFO:   Deleted: c:\Users\ADMIN\Desktop\IRON_COMMANDER_ELITE\core_v3\__pycache__\vault_v2.cpython-312.pyc
[2026-05-06 09:06:03,466] INFO:   Deleted: c:\Users\ADMIN\Desktop\IRON_COMMANDER_ELITE\core_v3\__pycache__\__init__.cpython-312.pyc
[2026-05-06 09:06:03,472] INFO: --- ARCHIVE: Old Databases (older than 30 days) ---
[2026-05-06 09:06:03,475] INFO: --- VALIDATE: Database Integrity ---
[2026-05-06 09:06:03,585] INFO:   PASS: iron_core.db
[2026-05-06 09:06:03,618] INFO:   PASS: iron_core.db
[2026-05-06 09:06:03,618] INFO: --- CLEANUP: JSON Config Files ---
[2026-05-06 09:06:03,619] INFO:   Valid: vn30_active_pos.json
[2026-05-06 09:06:03,619] INFO:   Valid: dna.json
[2026-05-06 09:06:03,619] INFO:   Valid: pos_tracker.json
[2026-05-06 09:06:03,619] INFO:   Valid: secrets.json
[2026-05-06 09:06:03,619] INFO:   Valid: squadron.json
[2026-05-06 09:06:03,621] INFO:   Valid: dna.json
[2026-05-06 09:06:03,621] INFO:   Valid: pos_tracker.json
[2026-05-06 09:06:03,621] INFO:   Valid: secrets.json
[2026-05-06 09:06:03,621] INFO:   Valid: secrets_real.json
[2026-05-06 09:06:03,621] INFO:   Valid: squadron.json
[2026-05-06 09:06:03,622] INFO: --- HEALTH REPORT ---
[2026-05-06 09:06:03,622] INFO: Cleanup Summary:
[2026-05-06 09:06:03,622] INFO:   Items removed: 28
[2026-05-06 09:06:03,622] INFO:   Space freed: 0.19 MB
[2026-05-06 09:06:03,622] INFO:   Report saved: logs\janitor_report.json
[2026-05-06 09:06:03,622] INFO: ==================================================
[2026-05-06 09:06:03,622] INFO: Maintenance cycle complete
[2026-05-06 09:06:03,622] INFO: ==================================================
